2026-05-23 23:33:42,144 [ERROR] (app.pipeline) Hydraulic simulation error
2026-05-23 23:33:42,145 [ERROR] (__main__) Error in application pipeline
multiprocessing.pool.RemoteTraceback: 
"""
Traceback (most recent call last):
  File "/home/cintradu/miniconda3/envs/resilience_env/lib/python3.13/multiprocessing/pool.py", line 125, in worker
    result = (True, func(*args, **kwds))
                    ~~~~^^^^^^^^^^^^^^^
  File "/home/cintradu/miniconda3/envs/resilience_env/lib/python3.13/multiprocessing/pool.py", line 48, in mapstar
    return list(map(*args))
  File "/home/cintradu/IC/ENAU/ENAU-Modelling/src/core/simulation.py", line 46, in execute
    simulation.run_hydraulic_simulation()
    ~~~~~~~~~~~~~~~~~~~~~~~~~~~~~~~~~~~^^
  File "/home/cintradu/IC/ENAU/ENAU-Modelling/src/core/simulation.py", line 38, in run_hydraulic_simulation
    input()
    ~~~~~^^
EOFError: EOF when reading a line
"""

The above exception was the direct cause of the following exception:

Traceback (most recent call last):
  File "/home/cintradu/IC/ENAU/ENAU-Modelling/src/main.py", line 41, in main
    pipeline.run()
    ~~~~~~~~~~~~^^
  File "/home/cintradu/IC/ENAU/ENAU-Modelling/src/utils/utils.py", line 10, in wrapper
    result = func(*args, **kwargs)
  File "/home/cintradu/IC/ENAU/ENAU-Modelling/src/app/pipeline.py", line 60, in run
    results = pool.map(simulation.execute, simulations)
  File "/home/cintradu/miniconda3/envs/resilience_env/lib/python3.13/multiprocessing/pool.py", line 367, in map
    return self._map_async(func, iterable, mapstar, chunksize).get()
           ~~~~~~~~~~~~~~~~~~~~~~~~~~~~~~~~~~~~~~~~~~~~~~~~~~~~~~~^^
  File "/home/cintradu/miniconda3/envs/resilience_env/lib/python3.13/multiprocessing/pool.py", line 774, in get
    raise self._value
EOFError: EOF when reading a line
2026-05-23 23:33:42,150 [CRITICAL] (__main__) Fatal error
2026-05-23 23:36:42,934 [ERROR] (app.pipeline) Hydraulic simulation error
2026-05-23 23:36:42,934 [ERROR] (__main__) Error in application pipeline
multiprocessing.pool.RemoteTraceback: 
"""
Traceback (most recent call last):
  File "/home/cintradu/miniconda3/envs/resilience_env/lib/python3.13/multiprocessing/pool.py", line 125, in worker
    result = (True, func(*args, **kwds))
                    ~~~~^^^^^^^^^^^^^^^
  File "/home/cintradu/miniconda3/envs/resilience_env/lib/python3.13/multiprocessing/pool.py", line 48, in mapstar
    return list(map(*args))
  File "/home/cintradu/IC/ENAU/ENAU-Modelling/src/core/simulation.py", line 45, in execute
    simulation.run_hydraulic_simulation()
    ~~~~~~~~~~~~~~~~~~~~~~~~~~~~~~~~~~~^^
  File "/home/cintradu/IC/ENAU/ENAU-Modelling/src/core/simulation.py", line 40, in run_hydraulic_simulation
    transform_node_result(self.simulation_id, result)
    ~~~~~~~~~~~~~~~~~~~~~^^^^^^^^^^^^^^^^^^^^^^^^^^^^
  File "/home/cintradu/IC/ENAU/ENAU-Modelling/src/core/result.py", line 53, in transform_node_result
    input()
    ~~~~~^^
EOFError: EOF when reading a line
"""

The above exception was the direct cause of the following exception:

Traceback (most recent call last):
  File "/home/cintradu/IC/ENAU/ENAU-Modelling/src/main.py", line 41, in main
    pipeline.run()
    ~~~~~~~~~~~~^^
  File "/home/cintradu/IC/ENAU/ENAU-Modelling/src/utils/utils.py", line 10, in wrapper
    result = func(*args, **kwargs)
  File "/home/cintradu/IC/ENAU/ENAU-Modelling/src/app/pipeline.py", line 60, in run
    results = pool.map(simulation.execute, simulations)
  File "/home/cintradu/miniconda3/envs/resilience_env/lib/python3.13/multiprocessing/pool.py", line 367, in map
    return self._map_async(func, iterable, mapstar, chunksize).get()
           ~~~~~~~~~~~~~~~~~~~~~~~~~~~~~~~~~~~~~~~~~~~~~~~~~~~~~~~^^
  File "/home/cintradu/miniconda3/envs/resilience_env/lib/python3.13/multiprocessing/pool.py", line 774, in get
    raise self._value
EOFError: EOF when reading a line
2026-05-23 23:36:42,938 [CRITICAL] (__main__) Fatal error
2026-05-23 23:39:00,880 [ERROR] (app.pipeline) Hydraulic simulation error
2026-05-23 23:39:00,882 [ERROR] (__main__) Error in application pipeline
multiprocessing.pool.RemoteTraceback: 
"""
Traceback (most recent call last):
  File "/home/cintradu/miniconda3/envs/resilience_env/lib/python3.13/multiprocessing/pool.py", line 125, in worker
    result = (True, func(*args, **kwds))
                    ~~~~^^^^^^^^^^^^^^^
  File "/home/cintradu/miniconda3/envs/resilience_env/lib/python3.13/multiprocessing/pool.py", line 48, in mapstar
    return list(map(*args))
  File "/home/cintradu/IC/ENAU/ENAU-Modelling/src/core/simulation.py", line 45, in execute
    simulation.run_hydraulic_simulation()
    ~~~~~~~~~~~~~~~~~~~~~~~~~~~~~~~~~~~^^
  File "/home/cintradu/IC/ENAU/ENAU-Modelling/src/core/simulation.py", line 40, in run_hydraulic_simulation
    transform_node_result(self.simulation_id, result)
    ~~~~~~~~~~~~~~~~~~~~~^^^^^^^^^^^^^^^^^^^^^^^^^^^^
  File "/home/cintradu/IC/ENAU/ENAU-Modelling/src/core/result.py", line 51, in transform_node_result
    input()
    ~~~~~^^
EOFError: EOF when reading a line
"""

The above exception was the direct cause of the following exception:

Traceback (most recent call last):
  File "/home/cintradu/IC/ENAU/ENAU-Modelling/src/main.py", line 41, in main
    pipeline.run()
    ~~~~~~~~~~~~^^
  File "/home/cintradu/IC/ENAU/ENAU-Modelling/src/utils/utils.py", line 10, in wrapper
    result = func(*args, **kwargs)
  File "/home/cintradu/IC/ENAU/ENAU-Modelling/src/app/pipeline.py", line 60, in run
    results = pool.map(simulation.execute, simulations)
  File "/home/cintradu/miniconda3/envs/resilience_env/lib/python3.13/multiprocessing/pool.py", line 367, in map
    return self._map_async(func, iterable, mapstar, chunksize).get()
           ~~~~~~~~~~~~~~~~~~~~~~~~~~~~~~~~~~~~~~~~~~~~~~~~~~~~~~~^^
  File "/home/cintradu/miniconda3/envs/resilience_env/lib/python3.13/multiprocessing/pool.py", line 774, in get
    raise self._value
EOFError: EOF when reading a line
2026-05-23 23:39:00,888 [CRITICAL] (__main__) Fatal error
2026-05-23 23:42:33,863 [ERROR] (app.pipeline) Hydraulic simulation error
2026-05-23 23:42:33,864 [ERROR] (__main__) Error in application pipeline
multiprocessing.pool.RemoteTraceback: 
"""
Traceback (most recent call last):
  File "/home/cintradu/miniconda3/envs/resilience_env/lib/python3.13/multiprocessing/pool.py", line 125, in worker
    result = (True, func(*args, **kwds))
                    ~~~~^^^^^^^^^^^^^^^
  File "/home/cintradu/miniconda3/envs/resilience_env/lib/python3.13/multiprocessing/pool.py", line 48, in mapstar
    return list(map(*args))
  File "/home/cintradu/IC/ENAU/ENAU-Modelling/src/core/simulation.py", line 45, in execute
    simulation.run_hydraulic_simulation()
    ~~~~~~~~~~~~~~~~~~~~~~~~~~~~~~~~~~~^^
  File "/home/cintradu/IC/ENAU/ENAU-Modelling/src/core/simulation.py", line 40, in run_hydraulic_simulation
    transform_node_result(self.simulation_id, result)
    ~~~~~~~~~~~~~~~~~~~~~^^^^^^^^^^^^^^^^^^^^^^^^^^^^
  File "/home/cintradu/IC/ENAU/ENAU-Modelling/src/core/result.py", line 51, in transform_node_result
    input()
    ~~~~~^^
EOFError: EOF when reading a line
"""

The above exception was the direct cause of the following exception:

Traceback (most recent call last):
  File "/home/cintradu/IC/ENAU/ENAU-Modelling/src/main.py", line 41, in main
    pipeline.run()
    ~~~~~~~~~~~~^^
  File "/home/cintradu/IC/ENAU/ENAU-Modelling/src/utils/utils.py", line 10, in wrapper
    result = func(*args, **kwargs)
  File "/home/cintradu/IC/ENAU/ENAU-Modelling/src/app/pipeline.py", line 60, in run
    results = pool.map(simulation.execute, simulations)
  File "/home/cintradu/miniconda3/envs/resilience_env/lib/python3.13/multiprocessing/pool.py", line 367, in map
    return self._map_async(func, iterable, mapstar, chunksize).get()
           ~~~~~~~~~~~~~~~~~~~~~~~~~~~~~~~~~~~~~~~~~~~~~~~~~~~~~~~^^
  File "/home/cintradu/miniconda3/envs/resilience_env/lib/python3.13/multiprocessing/pool.py", line 774, in get
    raise self._value
EOFError: EOF when reading a line
2026-05-23 23:42:33,867 [CRITICAL] (__main__) Fatal error
2026-05-23 23:46:49,613 [ERROR] (app.pipeline) Hydraulic simulation error
2026-05-23 23:46:49,620 [ERROR] (__main__) Error in application pipeline
multiprocessing.pool.RemoteTraceback: 
"""
Traceback (most recent call last):
  File "/home/cintradu/miniconda3/envs/resilience_env/lib/python3.13/multiprocessing/pool.py", line 125, in worker
    result = (True, func(*args, **kwds))
                    ~~~~^^^^^^^^^^^^^^^
  File "/home/cintradu/miniconda3/envs/resilience_env/lib/python3.13/multiprocessing/pool.py", line 48, in mapstar
    return list(map(*args))
  File "/home/cintradu/IC/ENAU/ENAU-Modelling/src/core/simulation.py", line 46, in execute
    simulation.run_hydraulic_simulation()
    ~~~~~~~~~~~~~~~~~~~~~~~~~~~~~~~~~~~^^
  File "/home/cintradu/IC/ENAU/ENAU-Modelling/src/core/simulation.py", line 38, in run_hydraulic_simulation
    input()
    ~~~~~^^
EOFError: EOF when reading a line
"""

The above exception was the direct cause of the following exception:

Traceback (most recent call last):
  File "/home/cintradu/IC/ENAU/ENAU-Modelling/src/main.py", line 41, in main
    pipeline.run()
    ~~~~~~~~~~~~^^
  File "/home/cintradu/IC/ENAU/ENAU-Modelling/src/utils/utils.py", line 10, in wrapper
    result = func(*args, **kwargs)
  File "/home/cintradu/IC/ENAU/ENAU-Modelling/src/app/pipeline.py", line 60, in run
    results = pool.map(simulation.execute, simulations)
  File "/home/cintradu/miniconda3/envs/resilience_env/lib/python3.13/multiprocessing/pool.py", line 367, in map
    return self._map_async(func, iterable, mapstar, chunksize).get()
           ~~~~~~~~~~~~~~~~~~~~~~~~~~~~~~~~~~~~~~~~~~~~~~~~~~~~~~~^^
  File "/home/cintradu/miniconda3/envs/resilience_env/lib/python3.13/multiprocessing/pool.py", line 774, in get
    raise self._value
EOFError: EOF when reading a line
2026-05-23 23:46:49,623 [CRITICAL] (__main__) Fatal error
2026-05-23 23:54:54,040 [ERROR] (app.pipeline) Hydraulic simulation error
2026-05-23 23:54:54,040 [ERROR] (__main__) Error in application pipeline
multiprocessing.pool.RemoteTraceback: 
"""
Traceback (most recent call last):
  File "/home/cintradu/miniconda3/envs/resilience_env/lib/python3.13/multiprocessing/pool.py", line 125, in worker
    result = (True, func(*args, **kwds))
                    ~~~~^^^^^^^^^^^^^^^
  File "/home/cintradu/miniconda3/envs/resilience_env/lib/python3.13/multiprocessing/pool.py", line 48, in mapstar
    return list(map(*args))
  File "/home/cintradu/IC/ENAU/ENAU-Modelling/src/core/simulation.py", line 46, in execute
    simulation.run_hydraulic_simulation()
    ~~~~~~~~~~~~~~~~~~~~~~~~~~~~~~~~~~~^^
  File "/home/cintradu/IC/ENAU/ENAU-Modelling/src/core/simulation.py", line 38, in run_hydraulic_simulation
    input()
    ~~~~~^^
EOFError: EOF when reading a line
"""

The above exception was the direct cause of the following exception:

Traceback (most recent call last):
  File "/home/cintradu/IC/ENAU/ENAU-Modelling/src/main.py", line 41, in main
    pipeline.run()
    ~~~~~~~~~~~~^^
  File "/home/cintradu/IC/ENAU/ENAU-Modelling/src/utils/utils.py", line 10, in wrapper
    result = func(*args, **kwargs)
  File "/home/cintradu/IC/ENAU/ENAU-Modelling/src/app/pipeline.py", line 60, in run
    results = pool.map(simulation.execute, simulations)
  File "/home/cintradu/miniconda3/envs/resilience_env/lib/python3.13/multiprocessing/pool.py", line 367, in map
    return self._map_async(func, iterable, mapstar, chunksize).get()
           ~~~~~~~~~~~~~~~~~~~~~~~~~~~~~~~~~~~~~~~~~~~~~~~~~~~~~~~^^
  File "/home/cintradu/miniconda3/envs/resilience_env/lib/python3.13/multiprocessing/pool.py", line 774, in get
    raise self._value
EOFError: EOF when reading a line
2026-05-23 23:54:54,043 [CRITICAL] (__main__) Fatal error
